npm notice run webapp@0.0.0 dev
npm notice run vite
[2m1:57:04 PM[22m [31m[1m[vite][22m[39m [31mInternal server error: C:\Users\cleb\Documents\Projects\Chaos Engine\Chaos-Engine-Web\src\components\AudioPlayer.tsx: Missing semicolon. (20:56)

[0m [90m 18 |[31m
 [90m 19 |[31m     [36mconst[31m audioRef [33m=[31m useRef[33m<[31m[33mHTMLAudioElement[31m [33m|[31m [36mnull[31m[33m>[31m([36mnull[31m)[33m;[31m
[31m[1m>[22m[31m[90m 20 |[31m     [36mconst[31m fileInputRef [33m=[31m useRef[33m<[31m[33mHTMLInputElement[31m[33m>[31m( vis ) [33m=>[31m [36mnull[31m) [36mas[31m unknown [36mas[31m [33mReact[31m[33m.[31m[33mMutableRefObject[31m[33m<[31m[33mHTMLInputElement[31m [33m|[31m [36mnull[31m[33m>[31m[33m;[31m
 [90m    |[31m                                                         [31m[1m^[22m[31m
 [90m 21 |[31m     [36mconst[31m engine [33m=[31m getBinauralEngine()[33m;[31m
 [90m 22 |[31m     [36mconst[31m [beatMode[33m,[31m setBeatMode] [33m=[31m useState[33m<[31m[33mBeatMode[31m[33m>[31m([32m'binaural'[31m)[33m;[31m
 [90m 23 |[31m     [36mconst[31m [presetKey[33m,[31m setPresetKey] [33m=[31m useState([32m'theta'[31m)[33m;[31m[0m[39m
  Plugin: [35mvite:react-babel[39m
  File: [36mC:/Users/cleb/Documents/Projects/Chaos Engine/Chaos-Engine-Web/src/components/AudioPlayer.tsx[39m:20:56
[33m  18 |  
  19 |      const audioRef = useRef<HTMLAudioElement | null>(null);
  20 |      const fileInputRef = useRef<HTMLInputElement>( vis ) => null) as unknown as React.MutableRefObject<HTMLInputElement | null>;
     |                                                                             ^
  21 |      const engine = getBinauralEngine();
  22 |      const [beatMode, setBeatMode] = useState<BeatMode>('binaural');[39m
      at constructor (C:\Users\cleb\Documents\Projects\Chaos Engine\Chaos-Engine-Web\node_modules\@babel\parser\lib\index.js:365:19)
      at TypeScriptParserMixin.raise (C:\Users\cleb\Documents\Projects\Chaos Engine\Chaos-Engine-Web\node_modules\@babel\parser\lib\index.js:6599:19)
      at TypeScriptParserMixin.semicolon (C:\Users\cleb\Documents\Projects\Chaos Engine\Chaos-Engine-Web\node_modules\@babel\parser\lib\index.js:6895:10)
      at TypeScriptParserMixin.parseVarStatement (C:\Users\cleb\Documents\Projects\Chaos Engine\Chaos-Engine-Web\node_modules\@babel\parser\lib\index.js:13221:10)
      at TypeScriptParserMixin.parseVarStatement (C:\Users\cleb\Documents\Projects\Chaos Engine\Chaos-Engine-Web\node_modules\@babel\parser\lib\index.js:9408:31)
      at TypeScriptParserMixin.parseStatementContent (C:\Users\cleb\Documents\Projects\Chaos Engine\Chaos-Engine-Web\node_modules\@babel\parser\lib\index.js:12841:23)
      at TypeScriptParserMixin.parseStatementContent (C:\Users\cleb\Documents\Projects\Chaos Engine\Chaos-Engine-Web\node_modules\@babel\parser\lib\index.js:9508:18)
      at TypeScriptParserMixin.parseStatementLike (C:\Users\cleb\Documents\Projects\Chaos Engine\Chaos-Engine-Web\node_modules\@babel\parser\lib\index.js:12757:17)
      at TypeScriptParserMixin.parseStatementListItem (C:\Users\cleb\Documents\Projects\Chaos Engine\Chaos-Engine-Web\node_modules\@babel\parser\lib\index.js:12737:17)
      at TypeScriptParserMixin.parseBlockOrModuleBlockBody (C:\Users\cleb\Documents\Projects\Chaos Engine\Chaos-Engine-Web\node_modules\@babel\parser\lib\index.js:13306:61)
      at TypeScriptParserMixin.parseBlockBody (C:\Users\cleb\Documents\Projects\Chaos Engine\Chaos-Engine-Web\node_modules\@babel\parser\lib\index.js:13299:10)
      at TypeScriptParserMixin.parseBlock (C:\Users\cleb\Documents\Projects\Chaos Engine\Chaos-Engine-Web\node_modules\@babel\parser\lib\index.js:13287:10)
      at TypeScriptParserMixin.parseFunctionBody (C:\Users\cleb\Documents\Projects\Chaos Engine\Chaos-Engine-Web\node_modules\@babel\parser\lib\index.js:12090:24)
      at TypeScriptParserMixin.parseArrowExpression (C:\Users\cleb\Documents\Projects\Chaos Engine\Chaos-Engine-Web\node_modules\@babel\parser\lib\index.js:12065:10)
      at TypeScriptParserMixin.parseParenAndDistinguishExpression (C:\Users\cleb\Documents\Projects\Chaos Engine\Chaos-Engine-Web\node_modules\@babel\parser\lib\index.js:11677:12)
      at TypeScriptParserMixin.parseExprAtom (C:\Users\cleb\Documents\Projects\Chaos Engine\Chaos-Engine-Web\node_modules\@babel\parser\lib\index.js:11321:23)
      at TypeScriptParserMixin.parseExprAtom (C:\Users\cleb\Documents\Projects\Chaos Engine\Chaos-Engine-Web\node_modules\@babel\parser\lib\index.js:4764:20)
      at TypeScriptParserMixin.parseExprSubscripts (C:\Users\cleb\Documents\Projects\Chaos Engine\Chaos-Engine-Web\node_modules\@babel\parser\lib\index.js:11071:23)
      at TypeScriptParserMixin.parseUpdate (C:\Users\cleb\Documents\Projects\Chaos Engine\Chaos-Engine-Web\node_modules\@babel\parser\lib\index.js:11056:21)
      at TypeScriptParserMixin.parseMaybeUnary (C:\Users\cleb\Documents\Projects\Chaos Engine\Chaos-Engine-Web\node_modules\@babel\parser\lib\index.js:11036:23)
      at TypeScriptParserMixin.parseMaybeUnary (C:\Users\cleb\Documents\Projects\Chaos Engine\Chaos-Engine-Web\node_modules\@babel\parser\lib\index.js:9827:18)
      at TypeScriptParserMixin.parseMaybeUnaryOrPrivate (C:\Users\cleb\Documents\Projects\Chaos Engine\Chaos-Engine-Web\node_modules\@babel\parser\lib\index.js:10889:61)
      at TypeScriptParserMixin.parseExprOps (C:\Users\cleb\Documents\Projects\Chaos Engine\Chaos-Engine-Web\node_modules\@babel\parser\lib\index.js:10894:23)
      at TypeScriptParserMixin.parseMaybeConditional (C:\Users\cleb\Documents\Projects\Chaos Engine\Chaos-Engine-Web\node_modules\@babel\parser\lib\index.js:10871:23)
      at TypeScriptParserMixin.parseMaybeAssign (C:\Users\cleb\Documents\Projects\Chaos Engine\Chaos-Engine-Web\node_modules\@babel\parser\lib\index.js:10821:21)
      at TypeScriptParserMixin.parseMaybeAssign (C:\Users\cleb\Documents\Projects\Chaos Engine\Chaos-Engine-Web\node_modules\@babel\parser\lib\index.js:9776:20)
      at C:\Users\cleb\Documents\Projects\Chaos Engine\Chaos-Engine-Web\node_modules\@babel\parser\lib\index.js:10790:39
      at TypeScriptParserMixin.allowInAnd (C:\Users\cleb\Documents\Projects\Chaos Engine\Chaos-Engine-Web\node_modules\@babel\parser\lib\index.js:12411:16)
      at TypeScriptParserMixin.parseMaybeAssignAllowIn (C:\Users\cleb\Documents\Projects\Chaos Engine\Chaos-Engine-Web\node_modules\@babel\parser\lib\index.js:10790:17)
      at TypeScriptParserMixin.parseVar (C:\Users\cleb\Documents\Projects\Chaos Engine\Chaos-Engine-Web\node_modules\@babel\parser\lib\index.js:13374:91)
      at TypeScriptParserMixin.parseVarStatement (C:\Users\cleb\Documents\Projects\Chaos Engine\Chaos-Engine-Web\node_modules\@babel\parser\lib\index.js:13220:10)
      at TypeScriptParserMixin.parseVarStatement (C:\Users\cleb\Documents\Projects\Chaos Engine\Chaos-Engine-Web\node_modules\@babel\parser\lib\index.js:9408:31)
      at TypeScriptParserMixin.parseStatementContent (C:\Users\cleb\Documents\Projects\Chaos Engine\Chaos-Engine-Web\node_modules\@babel\parser\lib\index.js:12841:23)
      at TypeScriptParserMixin.parseStatementContent (C:\Users\cleb\Documents\Projects\Chaos Engine\Chaos-Engine-Web\node_modules\@babel\parser\lib\index.js:9508:18)
      at TypeScriptParserMixin.parseStatementLike (C:\Users\cleb\Documents\Projects\Chaos Engine\Chaos-Engine-Web\node_modules\@babel\parser\lib\index.js:12757:17)
      at TypeScriptParserMixin.parseModuleItem (C:\Users\cleb\Documents\Projects\Chaos Engine\Chaos-Engine-Web\node_modules\@babel\parser\lib\index.js:12734:17)
      at TypeScriptParserMixin.parseBlockOrModuleBlockBody (C:\Users\cleb\Documents\Projects\Chaos Engine\Chaos-Engine-Web\node_modules\@babel\parser\lib\index.js:13306:36)
      at TypeScriptParserMixin.parseBlockBody (C:\Users\cleb\Documents\Projects\Chaos Engine\Chaos-Engine-Web\node_modules\@babel\parser\lib\index.js:13299:10)
      at TypeScriptParserMixin.parseProgram (C:\Users\cleb\Documents\Projects\Chaos Engine\Chaos-Engine-Web\node_modules\@babel\parser\lib\index.js:12612:10)
      at TypeScriptParserMixin.parseTopLevel (C:\Users\cleb\Documents\Projects\Chaos Engine\Chaos-Engine-Web\node_modules\@babel\parser\lib\index.js:12602:25)
      at TypeScriptParserMixin.parse (C:\Users\cleb\Documents\Projects\Chaos Engine\Chaos-Engine-Web\node_modules\@babel\parser\lib\index.js:14478:25)
      at TypeScriptParserMixin.parse (C:\Users\cleb\Documents\Projects\Chaos Engine\Chaos-Engine-Web\node_modules\@babel\parser\lib\index.js:10116:18)
      at parse (C:\Users\cleb\Documents\Projects\Chaos Engine\Chaos-Engine-Web\node_modules\@babel\parser\lib\index.js:14512:38)
      at parser (C:\Users\cleb\Documents\Projects\Chaos Engine\Chaos-Engine-Web\node_modules\@babel\core\lib\parser\index.js:41:34)
      at parser.next (<anonymous>)
      at normalizeFile (C:\Users\cleb\Documents\Projects\Chaos Engine\Chaos-Engine-Web\node_modules\@babel\core\lib\transformation\normalize-file.js:64:37)
      at normalizeFile.next (<anonymous>)
      at run (C:\Users\cleb\Documents\Projects\Chaos Engine\Chaos-Engine-Web\node_modules\@babel\core\lib\transformation\index.js:22:50)
      at run.next (<anonymous>)
      at transform (C:\Users\cleb\Documents\Projects\Chaos Engine\Chaos-Engine-Web\node_modules\@babel\core\lib\transform.js:22:33)
